Archive member included to satisfy reference by file (symbol)

c:/program files (x86)/atmel/studio/7.0/toolchain/avr8/avr8-gnu-toolchain/bin/../lib/gcc/avr/5.4.0/avr5\libgcc.a(_exit.o)
                              C:/Program Files (x86)/Atmel/Studio/7.0/Packs/atmel/ATmega_DFP/1.7.374/gcc/dev/atmega32a/avr5/crtatmega32a.o (exit)
c:/program files (x86)/atmel/studio/7.0/toolchain/avr8/avr8-gnu-toolchain/bin/../lib/gcc/avr/5.4.0/avr5\libgcc.a(_tablejump2.o)
                              MCAL/DIO/dio.o (__tablejump2__)
c:/program files (x86)/atmel/studio/7.0/toolchain/avr8/avr8-gnu-toolchain/bin/../lib/gcc/avr/5.4.0/avr5\libgcc.a(_clear_bss.o)
                              Main/main.o (__do_clear_bss)

Discarded input sections

 .data          0x00000000        0x0 C:/Program Files (x86)/Atmel/Studio/7.0/Packs/atmel/ATmega_DFP/1.7.374/gcc/dev/atmega32a/avr5/crtatmega32a.o
 .bss           0x00000000        0x0 C:/Program Files (x86)/Atmel/Studio/7.0/Packs/atmel/ATmega_DFP/1.7.374/gcc/dev/atmega32a/avr5/crtatmega32a.o
 .text          0x00000000        0x0 ECUAL/BUTTON/button.o
 .data          0x00000000        0x0 ECUAL/BUTTON/button.o
 .bss           0x00000000        0x0 ECUAL/BUTTON/button.o
 .text          0x00000000        0x0 ECUAL/LED/led.o
 .data          0x00000000        0x0 ECUAL/LED/led.o
 .bss           0x00000000        0x0 ECUAL/LED/led.o
 .text          0x00000000        0x0 ECUAL/MOTOR/motor.o
 .data          0x00000000        0x0 ECUAL/MOTOR/motor.o
 .bss           0x00000000        0x0 ECUAL/MOTOR/motor.o
 .text.motors_Backward
                0x00000000       0x44 ECUAL/MOTOR/motor.o
 .text.motors_left
                0x00000000       0x44 ECUAL/MOTOR/motor.o
 .text          0x00000000        0x0 Main/main.o
 .data          0x00000000        0x0 Main/main.o
 .bss           0x00000000        0x0 Main/main.o
 .text          0x00000000        0x0 MCAL/DIO/dio.o
 .data          0x00000000        0x0 MCAL/DIO/dio.o
 .bss           0x00000000        0x0 MCAL/DIO/dio.o
 .text.DIO_WritePort
                0x00000000       0x20 MCAL/DIO/dio.o
 .text.DIO_TogglePin
                0x00000000       0x8a MCAL/DIO/dio.o
 .text          0x00000000        0x0 MCAL/EXTERNAL_INTERRUPT/ext_interrupt.o
 .data          0x00000000        0x0 MCAL/EXTERNAL_INTERRUPT/ext_interrupt.o
 .bss           0x00000000        0x0 MCAL/EXTERNAL_INTERRUPT/ext_interrupt.o
 .text          0x00000000        0x0 MCAL/PWM/pwm.o
 .data          0x00000000        0x0 MCAL/PWM/pwm.o
 .bss           0x00000000        0x0 MCAL/PWM/pwm.o
 .text          0x00000000        0x0 MCAL/TIMER/timer.o
 .data          0x00000000        0x0 MCAL/TIMER/timer.o
 .bss           0x00000000        0x0 MCAL/TIMER/timer.o
 .text.TIMER_getStatus
                0x00000000       0x12 MCAL/TIMER/timer.o
 .text          0x00000000        0x0 c:/program files (x86)/atmel/studio/7.0/toolchain/avr8/avr8-gnu-toolchain/bin/../lib/gcc/avr/5.4.0/avr5\libgcc.a(_exit.o)
 .data          0x00000000        0x0 c:/program files (x86)/atmel/studio/7.0/toolchain/avr8/avr8-gnu-toolchain/bin/../lib/gcc/avr/5.4.0/avr5\libgcc.a(_exit.o)
 .bss           0x00000000        0x0 c:/program files (x86)/atmel/studio/7.0/toolchain/avr8/avr8-gnu-toolchain/bin/../lib/gcc/avr/5.4.0/avr5\libgcc.a(_exit.o)
 .text.libgcc.mul
                0x00000000        0x0 c:/program files (x86)/atmel/studio/7.0/toolchain/avr8/avr8-gnu-toolchain/bin/../lib/gcc/avr/5.4.0/avr5\libgcc.a(_exit.o)
 .text.libgcc.div
                0x00000000        0x0 c:/program files (x86)/atmel/studio/7.0/toolchain/avr8/avr8-gnu-toolchain/bin/../lib/gcc/avr/5.4.0/avr5\libgcc.a(_exit.o)
 .text.libgcc   0x00000000        0x0 c:/program files (x86)/atmel/studio/7.0/toolchain/avr8/avr8-gnu-toolchain/bin/../lib/gcc/avr/5.4.0/avr5\libgcc.a(_exit.o)
 .text.libgcc.prologue
                0x00000000        0x0 c:/program files (x86)/atmel/studio/7.0/toolchain/avr8/avr8-gnu-toolchain/bin/../lib/gcc/avr/5.4.0/avr5\libgcc.a(_exit.o)
 .text.libgcc.builtins
                0x00000000        0x0 c:/program files (x86)/atmel/studio/7.0/toolchain/avr8/avr8-gnu-toolchain/bin/../lib/gcc/avr/5.4.0/avr5\libgcc.a(_exit.o)
 .text.libgcc.fmul
                0x00000000        0x0 c:/program files (x86)/atmel/studio/7.0/toolchain/avr8/avr8-gnu-toolchain/bin/../lib/gcc/avr/5.4.0/avr5\libgcc.a(_exit.o)
 .text.libgcc.fixed
                0x00000000        0x0 c:/program files (x86)/atmel/studio/7.0/toolchain/avr8/avr8-gnu-toolchain/bin/../lib/gcc/avr/5.4.0/avr5\libgcc.a(_exit.o)
 .text          0x00000000        0x0 c:/program files (x86)/atmel/studio/7.0/toolchain/avr8/avr8-gnu-toolchain/bin/../lib/gcc/avr/5.4.0/avr5\libgcc.a(_tablejump2.o)
 .data          0x00000000        0x0 c:/program files (x86)/atmel/studio/7.0/toolchain/avr8/avr8-gnu-toolchain/bin/../lib/gcc/avr/5.4.0/avr5\libgcc.a(_tablejump2.o)
 .bss           0x00000000        0x0 c:/program files (x86)/atmel/studio/7.0/toolchain/avr8/avr8-gnu-toolchain/bin/../lib/gcc/avr/5.4.0/avr5\libgcc.a(_tablejump2.o)
 .text.libgcc.mul
                0x00000000        0x0 c:/program files (x86)/atmel/studio/7.0/toolchain/avr8/avr8-gnu-toolchain/bin/../lib/gcc/avr/5.4.0/avr5\libgcc.a(_tablejump2.o)
 .text.libgcc.div
                0x00000000        0x0 c:/program files (x86)/atmel/studio/7.0/toolchain/avr8/avr8-gnu-toolchain/bin/../lib/gcc/avr/5.4.0/avr5\libgcc.a(_tablejump2.o)
 .text.libgcc.prologue
                0x00000000        0x0 c:/program files (x86)/atmel/studio/7.0/toolchain/avr8/avr8-gnu-toolchain/bin/../lib/gcc/avr/5.4.0/avr5\libgcc.a(_tablejump2.o)
 .text.libgcc.builtins
                0x00000000        0x0 c:/program files (x86)/atmel/studio/7.0/toolchain/avr8/avr8-gnu-toolchain/bin/../lib/gcc/avr/5.4.0/avr5\libgcc.a(_tablejump2.o)
 .text.libgcc.fmul
                0x00000000        0x0 c:/program files (x86)/atmel/studio/7.0/toolchain/avr8/avr8-gnu-toolchain/bin/../lib/gcc/avr/5.4.0/avr5\libgcc.a(_tablejump2.o)
 .text.libgcc.fixed
                0x00000000        0x0 c:/program files (x86)/atmel/studio/7.0/toolchain/avr8/avr8-gnu-toolchain/bin/../lib/gcc/avr/5.4.0/avr5\libgcc.a(_tablejump2.o)
 .text          0x00000000        0x0 c:/program files (x86)/atmel/studio/7.0/toolchain/avr8/avr8-gnu-toolchain/bin/../lib/gcc/avr/5.4.0/avr5\libgcc.a(_clear_bss.o)
 .data          0x00000000        0x0 c:/program files (x86)/atmel/studio/7.0/toolchain/avr8/avr8-gnu-toolchain/bin/../lib/gcc/avr/5.4.0/avr5\libgcc.a(_clear_bss.o)
 .bss           0x00000000        0x0 c:/program files (x86)/atmel/studio/7.0/toolchain/avr8/avr8-gnu-toolchain/bin/../lib/gcc/avr/5.4.0/avr5\libgcc.a(_clear_bss.o)
 .text.libgcc.mul
                0x00000000        0x0 c:/program files (x86)/atmel/studio/7.0/toolchain/avr8/avr8-gnu-toolchain/bin/../lib/gcc/avr/5.4.0/avr5\libgcc.a(_clear_bss.o)
 .text.libgcc.div
                0x00000000        0x0 c:/program files (x86)/atmel/studio/7.0/toolchain/avr8/avr8-gnu-toolchain/bin/../lib/gcc/avr/5.4.0/avr5\libgcc.a(_clear_bss.o)
 .text.libgcc   0x00000000        0x0 c:/program files (x86)/atmel/studio/7.0/toolchain/avr8/avr8-gnu-toolchain/bin/../lib/gcc/avr/5.4.0/avr5\libgcc.a(_clear_bss.o)
 .text.libgcc.prologue
                0x00000000        0x0 c:/program files (x86)/atmel/studio/7.0/toolchain/avr8/avr8-gnu-toolchain/bin/../lib/gcc/avr/5.4.0/avr5\libgcc.a(_clear_bss.o)
 .text.libgcc.builtins
                0x00000000        0x0 c:/program files (x86)/atmel/studio/7.0/toolchain/avr8/avr8-gnu-toolchain/bin/../lib/gcc/avr/5.4.0/avr5\libgcc.a(_clear_bss.o)
 .text.libgcc.fmul
                0x00000000        0x0 c:/program files (x86)/atmel/studio/7.0/toolchain/avr8/avr8-gnu-toolchain/bin/../lib/gcc/avr/5.4.0/avr5\libgcc.a(_clear_bss.o)
 .text.libgcc.fixed
                0x00000000        0x0 c:/program files (x86)/atmel/studio/7.0/toolchain/avr8/avr8-gnu-toolchain/bin/../lib/gcc/avr/5.4.0/avr5\libgcc.a(_clear_bss.o)

Memory Configuration

Name             Origin             Length             Attributes
text             0x00000000         0x00008000         xr
data             0x00800060         0x00000800         rw !x
eeprom           0x00810000         0x00000400         rw !x
fuse             0x00820000         0x00000002         rw !x
lock             0x00830000         0x00000400         rw !x
signature        0x00840000         0x00000400         rw !x
user_signatures  0x00850000         0x00000400         rw !x
*default*        0x00000000         0xffffffff

Linker script and memory map

LOAD C:/Program Files (x86)/Atmel/Studio/7.0/Packs/atmel/ATmega_DFP/1.7.374/gcc/dev/atmega32a/avr5/crtatmega32a.o
LOAD ECUAL/BUTTON/button.o
LOAD ECUAL/LED/led.o
LOAD ECUAL/MOTOR/motor.o
LOAD Main/main.o
LOAD MCAL/DIO/dio.o
LOAD MCAL/EXTERNAL_INTERRUPT/ext_interrupt.o
LOAD MCAL/PWM/pwm.o
LOAD MCAL/TIMER/timer.o
START GROUP
LOAD c:/program files (x86)/atmel/studio/7.0/toolchain/avr8/avr8-gnu-toolchain/bin/../lib/gcc/avr/5.4.0/../../../../avr/lib/avr5\libm.a
END GROUP
START GROUP
LOAD c:/program files (x86)/atmel/studio/7.0/toolchain/avr8/avr8-gnu-toolchain/bin/../lib/gcc/avr/5.4.0/avr5\libgcc.a
LOAD c:/program files (x86)/atmel/studio/7.0/toolchain/avr8/avr8-gnu-toolchain/bin/../lib/gcc/avr/5.4.0/../../../../avr/lib/avr5\libm.a
LOAD c:/program files (x86)/atmel/studio/7.0/toolchain/avr8/avr8-gnu-toolchain/bin/../lib/gcc/avr/5.4.0/../../../../avr/lib/avr5\libc.a
LOAD C:/Program Files (x86)/Atmel/Studio/7.0/Packs/atmel/ATmega_DFP/1.7.374/gcc/dev/atmega32a/avr5\libatmega32a.a
END GROUP
                [0x00000000]                __TEXT_REGION_ORIGIN__ = DEFINED (__TEXT_REGION_ORIGIN__)?__TEXT_REGION_ORIGIN__:0x0
                [0x00800060]                __DATA_REGION_ORIGIN__ = DEFINED (__DATA_REGION_ORIGIN__)?__DATA_REGION_ORIGIN__:0x800060
                [0x00008000]                __TEXT_REGION_LENGTH__ = DEFINED (__TEXT_REGION_LENGTH__)?__TEXT_REGION_LENGTH__:0x20000
                [0x00000800]                __DATA_REGION_LENGTH__ = DEFINED (__DATA_REGION_LENGTH__)?__DATA_REGION_LENGTH__:0xffa0
                [0x00000400]                __EEPROM_REGION_LENGTH__ = DEFINED (__EEPROM_REGION_LENGTH__)?__EEPROM_REGION_LENGTH__:0x10000
                [0x00000002]                __FUSE_REGION_LENGTH__ = DEFINED (__FUSE_REGION_LENGTH__)?__FUSE_REGION_LENGTH__:0x400
                0x00000400                __LOCK_REGION_LENGTH__ = DEFINED (__LOCK_REGION_LENGTH__)?__LOCK_REGION_LENGTH__:0x400
                0x00000400                __SIGNATURE_REGION_LENGTH__ = DEFINED (__SIGNATURE_REGION_LENGTH__)?__SIGNATURE_REGION_LENGTH__:0x400
                0x00000400                __USER_SIGNATURE_REGION_LENGTH__ = DEFINED (__USER_SIGNATURE_REGION_LENGTH__)?__USER_SIGNATURE_REGION_LENGTH__:0x400

.hash
 *(.hash)

.dynsym
 *(.dynsym)

.dynstr
 *(.dynstr)

.gnu.version
 *(.gnu.version)

.gnu.version_d
 *(.gnu.version_d)

.gnu.version_r
 *(.gnu.version_r)

.rel.init
 *(.rel.init)

.rela.init
 *(.rela.init)

.rel.text
 *(.rel.text)
 *(.rel.text.*)
 *(.rel.gnu.linkonce.t*)

.rela.text
 *(.rela.text)
 *(.rela.text.*)
 *(.rela.gnu.linkonce.t*)

.rel.fini
 *(.rel.fini)

.rela.fini
 *(.rela.fini)

.rel.rodata
 *(.rel.rodata)
 *(.rel.rodata.*)
 *(.rel.gnu.linkonce.r*)

.rela.rodata
 *(.rela.rodata)
 *(.rela.rodata.*)
 *(.rela.gnu.linkonce.r*)

.rel.data
 *(.rel.data)
 *(.rel.data.*)
 *(.rel.gnu.linkonce.d*)

.rela.data
 *(.rela.data)
 *(.rela.data.*)
 *(.rela.gnu.linkonce.d*)

.rel.ctors
 *(.rel.ctors)

.rela.ctors
 *(.rela.ctors)

.rel.dtors
 *(.rel.dtors)

.rela.dtors
 *(.rela.dtors)

.rel.got
 *(.rel.got)

.rela.got
 *(.rela.got)

.rel.bss
 *(.rel.bss)

.rela.bss
 *(.rela.bss)

.rel.plt
 *(.rel.plt)

.rela.plt
 *(.rela.plt)

.text           0x00000000      0xcb4
 *(.vectors)
 .vectors       0x00000000       0x54 C:/Program Files (x86)/Atmel/Studio/7.0/Packs/atmel/ATmega_DFP/1.7.374/gcc/dev/atmega32a/avr5/crtatmega32a.o
                0x00000000                __vector_default
                0x00000000                __vectors
 *(.vectors)
 *(.progmem.gcc*)
 .progmem.gcc_sw_table.DIO_WRitePin
                0x00000054       0x80 MCAL/DIO/dio.o
                0x000000d4                . = ALIGN (0x2)
                0x000000d4                __trampolines_start = .
 *(.trampolines)
 .trampolines   0x000000d4        0x0 linker stubs
 *(.trampolines*)
                0x000000d4                __trampolines_end = .
 *libprintf_flt.a:*(.progmem.data)
 *libc.a:*(.progmem.data)
 *(.progmem*)
                0x000000d4                . = ALIGN (0x2)
 *(.jumptables)
 *(.jumptables*)
 *(.lowtext)
 *(.lowtext*)
                0x000000d4                __ctors_start = .
 *(.ctors)
                0x000000d4                __ctors_end = .
                0x000000d4                __dtors_start = .
 *(.dtors)
                0x000000d4                __dtors_end = .
 SORT(*)(.ctors)
 SORT(*)(.dtors)
 *(.init0)
 .init0         0x000000d4        0x0 C:/Program Files (x86)/Atmel/Studio/7.0/Packs/atmel/ATmega_DFP/1.7.374/gcc/dev/atmega32a/avr5/crtatmega32a.o
                0x000000d4                __init
 *(.init0)
 *(.init1)
 *(.init1)
 *(.init2)
 .init2         0x000000d4        0xc C:/Program Files (x86)/Atmel/Studio/7.0/Packs/atmel/ATmega_DFP/1.7.374/gcc/dev/atmega32a/avr5/crtatmega32a.o
 *(.init2)
 *(.init3)
 *(.init3)
 *(.init4)
 .init4         0x000000e0       0x10 c:/program files (x86)/atmel/studio/7.0/toolchain/avr8/avr8-gnu-toolchain/bin/../lib/gcc/avr/5.4.0/avr5\libgcc.a(_clear_bss.o)
                0x000000e0                __do_clear_bss
 *(.init4)
 *(.init5)
 *(.init5)
 *(.init6)
 *(.init6)
 *(.init7)
 *(.init7)
 *(.init8)
 *(.init8)
 *(.init9)
 .init9         0x000000f0        0x8 C:/Program Files (x86)/Atmel/Studio/7.0/Packs/atmel/ATmega_DFP/1.7.374/gcc/dev/atmega32a/avr5/crtatmega32a.o
 *(.init9)
 *(.text)
 .text          0x000000f8        0x4 C:/Program Files (x86)/Atmel/Studio/7.0/Packs/atmel/ATmega_DFP/1.7.374/gcc/dev/atmega32a/avr5/crtatmega32a.o
                0x000000f8                __vector_12
                0x000000f8                __bad_interrupt
                0x000000f8                __vector_6
                0x000000f8                __vector_11
                0x000000f8                __vector_13
                0x000000f8                __vector_17
                0x000000f8                __vector_19
                0x000000f8                __vector_7
                0x000000f8                __vector_5
                0x000000f8                __vector_4
                0x000000f8                __vector_9
                0x000000f8                __vector_15
                0x000000f8                __vector_8
                0x000000f8                __vector_14
                0x000000f8                __vector_10
                0x000000f8                __vector_16
                0x000000f8                __vector_18
                0x000000f8                __vector_20
                0x000000fc                . = ALIGN (0x2)
 *(.text.*)
 .text.button_init
                0x000000fc        0x8 ECUAL/BUTTON/button.o
                0x000000fc                button_init
 .text.Button_Check
                0x00000104        0x6 ECUAL/BUTTON/button.o
                0x00000104                Button_Check
 .text.LED_init
                0x0000010a        0x8 ECUAL/LED/led.o
                0x0000010a                LED_init
 .text.LED_ON   0x00000112        0x8 ECUAL/LED/led.o
                0x00000112                LED_ON
 .text.LED_OFF  0x0000011a        0x8 ECUAL/LED/led.o
                0x0000011a                LED_OFF
 .text.motors_init
                0x00000122       0x40 ECUAL/MOTOR/motor.o
                0x00000122                motors_init
 .text.motors_forward
                0x00000162       0x44 ECUAL/MOTOR/motor.o
                0x00000162                motors_forward
 .text.motors_right
                0x000001a6       0x44 ECUAL/MOTOR/motor.o
                0x000001a6                motors_right
 .text.motors_stop
                0x000001ea       0x36 ECUAL/MOTOR/motor.o
                0x000001ea                motors_stop
 .text.isr      0x00000220       0x14 Main/main.o
                0x00000220                isr
 .text.main     0x00000234      0x27e Main/main.o
                0x00000234                main
 .text.DIO_InitPin
                0x000004b2      0x230 MCAL/DIO/dio.o
                0x000004b2                DIO_InitPin
 .text.DIO_WRitePin
                0x000006e2      0x234 MCAL/DIO/dio.o
                0x000006e2                DIO_WRitePin
 .text.DIO_ReadPin
                0x00000916       0x80 MCAL/DIO/dio.o
                0x00000916                DIO_ReadPin
 .text.SET_GLOBAL_INTERRUPT
                0x00000996       0x20 MCAL/EXTERNAL_INTERRUPT/ext_interrupt.o
                0x00000996                SET_GLOBAL_INTERRUPT
 .text.EXTINT_init
                0x000009b6      0x10e MCAL/EXTERNAL_INTERRUPT/ext_interrupt.o
                0x000009b6                EXTINT_init
 .text.EXTINT_CallBack
                0x00000ac4       0x32 MCAL/EXTERNAL_INTERRUPT/ext_interrupt.o
                0x00000ac4                EXTINT_CallBack
 .text.__vector_1
                0x00000af6       0x52 MCAL/EXTERNAL_INTERRUPT/ext_interrupt.o
                0x00000af6                __vector_1
 .text.__vector_2
                0x00000b48       0x52 MCAL/EXTERNAL_INTERRUPT/ext_interrupt.o
                0x00000b48                __vector_2
 .text.__vector_3
                0x00000b9a       0x52 MCAL/EXTERNAL_INTERRUPT/ext_interrupt.o
                0x00000b9a                __vector_3
 .text.PWM_init
                0x00000bec       0x1c MCAL/PWM/pwm.o
                0x00000bec                PWM_init
 .text.PWM_start
                0x00000c08        0xa MCAL/PWM/pwm.o
                0x00000c08                PWM_start
 .text.PWM_Stop
                0x00000c12        0x4 MCAL/PWM/pwm.o
                0x00000c12                PWM_Stop
 .text.TIMER_init
                0x00000c16        0xa MCAL/TIMER/timer.o
                0x00000c16                TIMER_init
 .text.TIMER_start
                0x00000c20        0x8 MCAL/TIMER/timer.o
                0x00000c20                TIMER_start
 .text.TIMER_set
                0x00000c28        0x4 MCAL/TIMER/timer.o
                0x00000c28                TIMER_set
 .text.TIMER_Stop
                0x00000c2c        0x4 MCAL/TIMER/timer.o
                0x00000c2c                TIMER_Stop
 .text.Delay    0x00000c30       0x74 MCAL/TIMER/timer.o
                0x00000c30                Delay
 .text.libgcc   0x00000ca4        0xc c:/program files (x86)/atmel/studio/7.0/toolchain/avr8/avr8-gnu-toolchain/bin/../lib/gcc/avr/5.4.0/avr5\libgcc.a(_tablejump2.o)
                0x00000ca4                __tablejump2__
                0x00000cb0                . = ALIGN (0x2)
 *(.fini9)
 .fini9         0x00000cb0        0x0 c:/program files (x86)/atmel/studio/7.0/toolchain/avr8/avr8-gnu-toolchain/bin/../lib/gcc/avr/5.4.0/avr5\libgcc.a(_exit.o)
                0x00000cb0                _exit
                0x00000cb0                exit
 *(.fini9)
 *(.fini8)
 *(.fini8)
 *(.fini7)
 *(.fini7)
 *(.fini6)
 *(.fini6)
 *(.fini5)
 *(.fini5)
 *(.fini4)
 *(.fini4)
 *(.fini3)
 *(.fini3)
 *(.fini2)
 *(.fini2)
 *(.fini1)
 *(.fini1)
 *(.fini0)
 .fini0         0x00000cb0        0x4 c:/program files (x86)/atmel/studio/7.0/toolchain/avr8/avr8-gnu-toolchain/bin/../lib/gcc/avr/5.4.0/avr5\libgcc.a(_exit.o)
 *(.fini0)
                0x00000cb4                _etext = .

.data           0x00800060        0x0 load address 0x00000cb4
                [!provide]                PROVIDE (__data_start, .)
 *(.data)
 *(.data*)
 *(.gnu.linkonce.d*)
 *(.rodata)
 *(.rodata*)
 *(.gnu.linkonce.r*)
                0x00800060                . = ALIGN (0x2)
                0x00800060                _edata = .
                [!provide]                PROVIDE (__data_end, .)

.bss            0x00800060        0x7
                0x00800060                PROVIDE (__bss_start, .)
 *(.bss)
 *(.bss*)
 .bss.PB2_is_pressed
                0x00800060        0x1 Main/main.o
                0x00800060                PB2_is_pressed
 .bss.ptrINT2   0x00800061        0x2 MCAL/EXTERNAL_INTERRUPT/ext_interrupt.o
                0x00800061                ptrINT2
 .bss.ptrINT1   0x00800063        0x2 MCAL/EXTERNAL_INTERRUPT/ext_interrupt.o
                0x00800063                ptrINT1
 .bss.ptrINT0   0x00800065        0x2 MCAL/EXTERNAL_INTERRUPT/ext_interrupt.o
                0x00800065                ptrINT0
 *(COMMON)
                0x00800067                PROVIDE (__bss_end, .)
                0x00000cb4                __data_load_start = LOADADDR (.data)
                0x00000cb4                __data_load_end = (__data_load_start + SIZEOF (.data))

.noinit         0x00800067        0x0
                [!provide]                PROVIDE (__noinit_start, .)
 *(.noinit*)
                [!provide]                PROVIDE (__noinit_end, .)
                0x00800067                _end = .
                [!provide]                PROVIDE (__heap_start, .)

.eeprom         0x00810000        0x0
 *(.eeprom*)
                0x00810000                __eeprom_end = .

.fuse
 *(.fuse)
 *(.lfuse)
 *(.hfuse)
 *(.efuse)

.lock
 *(.lock*)

.signature
 *(.signature*)

.user_signatures
 *(.user_signatures*)

.stab
 *(.stab)

.stabstr
 *(.stabstr)

.stab.excl
 *(.stab.excl)

.stab.exclstr
 *(.stab.exclstr)

.stab.index
 *(.stab.index)

.stab.indexstr
 *(.stab.indexstr)

.comment        0x00000000       0x30
 *(.comment)
 .comment       0x00000000       0x30 ECUAL/BUTTON/button.o
                                 0x31 (size before relaxing)
 .comment       0x00000030       0x31 ECUAL/LED/led.o
 .comment       0x00000030       0x31 ECUAL/MOTOR/motor.o
 .comment       0x00000030       0x31 Main/main.o
 .comment       0x00000030       0x31 MCAL/DIO/dio.o
 .comment       0x00000030       0x31 MCAL/EXTERNAL_INTERRUPT/ext_interrupt.o
 .comment       0x00000030       0x31 MCAL/PWM/pwm.o
 .comment       0x00000030       0x31 MCAL/TIMER/timer.o

.note.gnu.avr.deviceinfo
                0x00000000       0x3c
 .note.gnu.avr.deviceinfo
                0x00000000       0x3c C:/Program Files (x86)/Atmel/Studio/7.0/Packs/atmel/ATmega_DFP/1.7.374/gcc/dev/atmega32a/avr5/crtatmega32a.o

.note.gnu.build-id
 *(.note.gnu.build-id)

.debug
 *(.debug)

.line
 *(.line)

.debug_srcinfo
 *(.debug_srcinfo)

.debug_sfnames
 *(.debug_sfnames)

.debug_aranges  0x00000000      0x1c8
 *(.debug_aranges)
 .debug_aranges
                0x00000000       0x28 ECUAL/BUTTON/button.o
 .debug_aranges
                0x00000028       0x30 ECUAL/LED/led.o
 .debug_aranges
                0x00000058       0x48 ECUAL/MOTOR/motor.o
 .debug_aranges
                0x000000a0       0x28 Main/main.o
 .debug_aranges
                0x000000c8       0x40 MCAL/DIO/dio.o
 .debug_aranges
                0x00000108       0x48 MCAL/EXTERNAL_INTERRUPT/ext_interrupt.o
 .debug_aranges
                0x00000150       0x30 MCAL/PWM/pwm.o
 .debug_aranges
                0x00000180       0x48 MCAL/TIMER/timer.o

.debug_pubnames
 *(.debug_pubnames)

.debug_info     0x00000000     0x212f
 *(.debug_info .gnu.linkonce.wi.*)
 .debug_info    0x00000000      0x4e6 C:/Program Files (x86)/Atmel/Studio/7.0/Packs/atmel/ATmega_DFP/1.7.374/gcc/dev/atmega32a/avr5/crtatmega32a.o
 .debug_info    0x000004e6      0x234 ECUAL/BUTTON/button.o
 .debug_info    0x0000071a      0x185 ECUAL/LED/led.o
 .debug_info    0x0000089f      0x6bd ECUAL/MOTOR/motor.o
 .debug_info    0x00000f5c      0x8a6 Main/main.o
 .debug_info    0x00001802      0x2da MCAL/DIO/dio.o
 .debug_info    0x00001adc      0x2a5 MCAL/EXTERNAL_INTERRUPT/ext_interrupt.o
 .debug_info    0x00001d81      0x1eb MCAL/PWM/pwm.o
 .debug_info    0x00001f6c      0x1c3 MCAL/TIMER/timer.o

.debug_abbrev   0x00000000      0xbec
 *(.debug_abbrev)
 .debug_abbrev  0x00000000      0x4a3 C:/Program Files (x86)/Atmel/Studio/7.0/Packs/atmel/ATmega_DFP/1.7.374/gcc/dev/atmega32a/avr5/crtatmega32a.o
 .debug_abbrev  0x000004a3       0xdb ECUAL/BUTTON/button.o
 .debug_abbrev  0x0000057e       0xac ECUAL/LED/led.o
 .debug_abbrev  0x0000062a       0xc4 ECUAL/MOTOR/motor.o
 .debug_abbrev  0x000006ee      0x10e Main/main.o
 .debug_abbrev  0x000007fc      0x129 MCAL/DIO/dio.o
 .debug_abbrev  0x00000925      0x106 MCAL/EXTERNAL_INTERRUPT/ext_interrupt.o
 .debug_abbrev  0x00000a2b       0xd5 MCAL/PWM/pwm.o
 .debug_abbrev  0x00000b00       0xec MCAL/TIMER/timer.o

.debug_line     0x00000000     0x12c4
 *(.debug_line .debug_line.* .debug_line_end)
 .debug_line    0x00000000      0x116 C:/Program Files (x86)/Atmel/Studio/7.0/Packs/atmel/ATmega_DFP/1.7.374/gcc/dev/atmega32a/avr5/crtatmega32a.o
 .debug_line    0x00000116       0xb8 ECUAL/BUTTON/button.o
 .debug_line    0x000001ce       0xb6 ECUAL/LED/led.o
 .debug_line    0x00000284      0x20a ECUAL/MOTOR/motor.o
 .debug_line    0x0000048e      0x344 Main/main.o
 .debug_line    0x000007d2      0x5a1 MCAL/DIO/dio.o
 .debug_line    0x00000d73      0x33d MCAL/EXTERNAL_INTERRUPT/ext_interrupt.o
 .debug_line    0x000010b0       0xcf MCAL/PWM/pwm.o
 .debug_line    0x0000117f      0x145 MCAL/TIMER/timer.o

.debug_frame    0x00000000      0x460
 *(.debug_frame)
 .debug_frame   0x00000000       0x34 ECUAL/BUTTON/button.o
 .debug_frame   0x00000034       0x44 ECUAL/LED/led.o
 .debug_frame   0x00000078      0x108 ECUAL/MOTOR/motor.o
 .debug_frame   0x00000180       0x34 Main/main.o
 .debug_frame   0x000001b4       0x64 MCAL/DIO/dio.o
 .debug_frame   0x00000218      0x158 MCAL/EXTERNAL_INTERRUPT/ext_interrupt.o
 .debug_frame   0x00000370       0x4c MCAL/PWM/pwm.o
 .debug_frame   0x000003bc       0xa4 MCAL/TIMER/timer.o

.debug_str      0x00000000      0x7cc
 *(.debug_str)
 .debug_str     0x00000000      0x196 C:/Program Files (x86)/Atmel/Studio/7.0/Packs/atmel/ATmega_DFP/1.7.374/gcc/dev/atmega32a/avr5/crtatmega32a.o
 .debug_str     0x00000196      0x29e ECUAL/BUTTON/button.o
                                0x2da (size before relaxing)
 .debug_str     0x00000434       0x3d ECUAL/LED/led.o
                                0x1bf (size before relaxing)
 .debug_str     0x00000471       0xc5 ECUAL/MOTOR/motor.o
                                0x342 (size before relaxing)
 .debug_str     0x00000536       0xb4 Main/main.o
                                0x368 (size before relaxing)
 .debug_str     0x000005ea       0x5c MCAL/DIO/dio.o
                                0x2ed (size before relaxing)
 .debug_str     0x00000646       0xd5 MCAL/EXTERNAL_INTERRUPT/ext_interrupt.o
                                0x2ca (size before relaxing)
 .debug_str     0x0000071b       0x24 MCAL/PWM/pwm.o
                                0x2aa (size before relaxing)
 .debug_str     0x0000073f       0x8d MCAL/TIMER/timer.o
                                0x1dd (size before relaxing)

.debug_loc      0x00000000     0x16bc
 *(.debug_loc)
 .debug_loc     0x00000000       0x42 ECUAL/BUTTON/button.o
 .debug_loc     0x00000042       0x63 ECUAL/LED/led.o
 .debug_loc     0x000000a5      0x676 ECUAL/MOTOR/motor.o
 .debug_loc     0x0000071b      0xa1c MCAL/DIO/dio.o
 .debug_loc     0x00001137      0x38e MCAL/EXTERNAL_INTERRUPT/ext_interrupt.o
 .debug_loc     0x000014c5       0x7b MCAL/PWM/pwm.o
 .debug_loc     0x00001540      0x17c MCAL/TIMER/timer.o

.debug_macinfo
 *(.debug_macinfo)

.debug_weaknames
 *(.debug_weaknames)

.debug_funcnames
 *(.debug_funcnames)

.debug_typenames
 *(.debug_typenames)

.debug_varnames
 *(.debug_varnames)

.debug_pubtypes
 *(.debug_pubtypes)

.debug_ranges   0x00000000      0x148
 *(.debug_ranges)
 .debug_ranges  0x00000000       0x18 ECUAL/BUTTON/button.o
 .debug_ranges  0x00000018       0x20 ECUAL/LED/led.o
 .debug_ranges  0x00000038       0x38 ECUAL/MOTOR/motor.o
 .debug_ranges  0x00000070       0x18 Main/main.o
 .debug_ranges  0x00000088       0x30 MCAL/DIO/dio.o
 .debug_ranges  0x000000b8       0x38 MCAL/EXTERNAL_INTERRUPT/ext_interrupt.o
 .debug_ranges  0x000000f0       0x20 MCAL/PWM/pwm.o
 .debug_ranges  0x00000110       0x38 MCAL/TIMER/timer.o

.debug_macro
 *(.debug_macro)
OUTPUT(MovingCar.elf elf32-avr)
LOAD linker stubs
